#! /usr/local/iverilog/bin/vvp
:ivl_version "11.0 (devel)" "(s20150603-642-g3bdb50da)";
:ivl_delay_selection "TYPICAL";
:vpi_time_precision - 12;
:vpi_module "system";
:vpi_module "vhdl_sys";
:vpi_module "vhdl_textio";
:vpi_module "v2005_math";
:vpi_module "va_math";
S_00000000011a1e70 .scope module, "tb_top" "tb_top" 2 13;
 .timescale -9 -12;
v00000000011f91a0_0 .var "clk", 0 0;
v00000000011f88e0_0 .var "rst", 0 0;
E_0000000001194e80 .event posedge, v0000000001196c20_0;
S_000000000116cbe0 .scope module, "uut" "top" 2 18, 3 11 0, S_00000000011a1e70;
 .timescale 0 0;
    .port_info 0 /INPUT 1 "clk";
    .port_info 1 /INPUT 1 "rst";
v00000000011f8340_0 .net "arb_channel", 1 0, v0000000001195a00_0;  1 drivers
v00000000011f8480_0 .net "arb_data", 7 0, v00000000011950a0_0;  1 drivers
v00000000011f87a0_0 .net "arb_valid", 0 0, v0000000001196180_0;  1 drivers
v00000000011f85c0_0 .net "clk", 0 0, v00000000011f91a0_0;  1 drivers
v00000000011f8d40_0 .net "data0", 7 0, v00000000011f5f80_0;  1 drivers
v00000000011f8840_0 .net "data1", 7 0, v00000000011f7060_0;  1 drivers
v00000000011f9060_0 .net "data2", 7 0, v00000000011f7240_0;  1 drivers
v00000000011f8e80_0 .net "empty0", 0 0, L_00000000011fa000;  1 drivers
v00000000011f9380_0 .net "empty1", 0 0, L_00000000011f8700;  1 drivers
v00000000011f9420_0 .net "empty2", 0 0, L_0000000001202e50;  1 drivers
v00000000011f96a0_0 .net "fifo_dout0", 7 0, v0000000001195640_0;  1 drivers
v00000000011f9560_0 .net "fifo_dout1", 7 0, v00000000011f6700_0;  1 drivers
v00000000011f8660_0 .net "fifo_dout2", 7 0, v00000000011f6980_0;  1 drivers
v00000000011f9b00_0 .net "full0", 0 0, L_000000000116ed80;  1 drivers
v00000000011f8980_0 .net "full1", 0 0, L_000000000116e370;  1 drivers
v00000000011f9d80_0 .net "full2", 0 0, L_000000000116e3e0;  1 drivers
v00000000011f9ba0_0 .net "pkt", 9 0, v00000000011f8de0_0;  1 drivers
v00000000011f94c0_0 .net "pkt_valid", 0 0, v00000000011fa1e0_0;  1 drivers
v00000000011f9c40_0 .net "rd_en0", 0 0, v0000000001196400_0;  1 drivers
v00000000011f9ce0_0 .net "rd_en1", 0 0, v00000000011969a0_0;  1 drivers
v00000000011f9e20_0 .net "rd_en2", 0 0, v0000000001195c80_0;  1 drivers
v00000000011f8ac0_0 .net "rst", 0 0, v00000000011f88e0_0;  1 drivers
v00000000011f97e0_0 .net "tx_busy", 0 0, v00000000011f9f60_0;  1 drivers
v00000000011f9880_0 .net "tx_line", 0 0, v00000000011f9740_0;  1 drivers
v00000000011f8b60_0 .net "valid0", 0 0, v00000000011f68e0_0;  1 drivers
v00000000011f9600_0 .net "valid1", 0 0, v00000000011f7600_0;  1 drivers
v00000000011f9ec0_0 .net "valid2", 0 0, v00000000011f7740_0;  1 drivers
L_00000000012038f0 .part v00000000011f8de0_0, 0, 8;
S_000000000116cd70 .scope module, "u_arb" "rr_arbiter" 3 42, 4 21 0, S_000000000116cbe0;
 .timescale 0 0;
    .port_info 0 /INPUT 1 "clk";
    .port_info 1 /INPUT 1 "rst";
    .port_info 2 /INPUT 1 "empty0";
    .port_info 3 /INPUT 1 "empty1";
    .port_info 4 /INPUT 1 "empty2";
    .port_info 5 /OUTPUT 1 "rd_en0";
    .port_info 6 /OUTPUT 1 "rd_en1";
    .port_info 7 /OUTPUT 1 "rd_en2";
    .port_info 8 /INPUT 8 "data0";
    .port_info 9 /INPUT 8 "data1";
    .port_info 10 /INPUT 8 "data2";
    .port_info 11 /OUTPUT 8 "out_data";
    .port_info 12 /OUTPUT 2 "out_channel";
    .port_info 13 /OUTPUT 1 "out_valid";
P_0000000001170d00 .param/l "S_CAPTURE" 1 4 47, C4<1>;
P_0000000001170d38 .param/l "S_CHECK" 1 4 46, C4<0>;
L_0000000001210088 .functor BUFT 1, C4<00>, C4<0>, C4<0>, C4<0>;
v0000000001195500_0 .net/2u *"_s0", 1 0, L_0000000001210088;  1 drivers
v0000000001195280_0 .net *"_s2", 0 0, L_0000000001203a30;  1 drivers
L_00000000012100d0 .functor BUFT 1, C4<01>, C4<0>, C4<0>, C4<0>;
v00000000011953c0_0 .net/2u *"_s4", 1 0, L_00000000012100d0;  1 drivers
v0000000001195be0_0 .net *"_s6", 0 0, L_0000000001202ef0;  1 drivers
v0000000001196360_0 .net *"_s8", 0 0, L_0000000001202db0;  1 drivers
v0000000001196c20_0 .net "clk", 0 0, v00000000011f91a0_0;  alias, 1 drivers
v0000000001196860_0 .net "cur_empty", 0 0, L_0000000001203350;  1 drivers
v00000000011951e0_0 .net "data0", 7 0, v0000000001195640_0;  alias, 1 drivers
v0000000001195e60_0 .net "data1", 7 0, v00000000011f6700_0;  alias, 1 drivers
v0000000001195fa0_0 .net "data2", 7 0, v00000000011f6980_0;  alias, 1 drivers
v0000000001195960_0 .net "empty0", 0 0, L_00000000011fa000;  alias, 1 drivers
v00000000011955a0_0 .net "empty1", 0 0, L_00000000011f8700;  alias, 1 drivers
v00000000011967c0_0 .net "empty2", 0 0, L_0000000001202e50;  alias, 1 drivers
v0000000001195a00_0 .var "out_channel", 1 0;
v00000000011950a0_0 .var "out_data", 7 0;
v0000000001196180_0 .var "out_valid", 0 0;
v0000000001196900_0 .var "ptr", 1 0;
v0000000001196400_0 .var "rd_en0", 0 0;
v00000000011969a0_0 .var "rd_en1", 0 0;
v0000000001195c80_0 .var "rd_en2", 0 0;
v0000000001195820_0 .net "rst", 0 0, v00000000011f88e0_0;  alias, 1 drivers
v00000000011958c0_0 .var "state", 0 0;
E_0000000001194180 .event posedge, v0000000001195820_0, v0000000001196c20_0;
L_0000000001203a30 .cmp/eq 2, v0000000001196900_0, L_0000000001210088;
L_0000000001202ef0 .cmp/eq 2, v0000000001196900_0, L_00000000012100d0;
L_0000000001202db0 .functor MUXZ 1, L_0000000001202e50, L_00000000011f8700, L_0000000001202ef0, C4<>;
L_0000000001203350 .functor MUXZ 1, L_0000000001202db0, L_00000000011fa000, L_0000000001203a30, C4<>;
S_000000000117a4b0 .scope function.vec4.s2, "next_ptr" "next_ptr" 4 55, 4 55 0, S_000000000116cd70;
 .timescale 0 0;
; Variable next_ptr is vec4 return value of scope S_000000000117a4b0
v00000000011962c0_0 .var "p", 1 0;
TD_tb_top.uut.u_arb.next_ptr ;
    %load/vec4 v00000000011962c0_0;
    %cmpi/e 2, 0, 2;
    %flag_mov 8, 4;
    %jmp/0 T_0.0, 8;
    %pushi/vec4 0, 0, 2;
    %jmp/1 T_0.1, 8;
T_0.0 ; End of true expr.
    %load/vec4 v00000000011962c0_0;
    %addi 1, 0, 2;
    %jmp/0 T_0.1, 8;
 ; End of false expr.
    %blend;
T_0.1;
    %ret/vec4 0, 0, 2;  Assign to next_ptr (store_vec4_to_lval)
    %end;
S_000000000117a640 .scope module, "u_fifo0" "channel_fifo" 3 30, 5 10 0, S_000000000116cbe0;
 .timescale 0 0;
    .port_info 0 /INPUT 1 "clk";
    .port_info 1 /INPUT 1 "rst";
    .port_info 2 /INPUT 1 "wr_en";
    .port_info 3 /INPUT 8 "wr_data";
    .port_info 4 /OUTPUT 1 "full";
    .port_info 5 /INPUT 1 "rd_en";
    .port_info 6 /OUTPUT 8 "rd_data";
    .port_info 7 /OUTPUT 1 "empty";
P_0000000001194ec0 .param/l "AW" 0 5 11, +C4<00000000000000000000000000000010>;
L_000000000116ef40 .functor XOR 1, L_00000000011f9240, L_00000000011fa0a0, C4<0>, C4<0>;
L_000000000116ed80 .functor AND 1, L_000000000116ef40, L_00000000011f83e0, C4<1>, C4<1>;
v0000000001196680_0 .net *"_s11", 1 0, L_00000000011fa140;  1 drivers
v00000000011960e0_0 .net *"_s12", 0 0, L_00000000011f83e0;  1 drivers
v0000000001196ae0_0 .net *"_s3", 0 0, L_00000000011f9240;  1 drivers
v0000000001196b80_0 .net *"_s5", 0 0, L_00000000011fa0a0;  1 drivers
v0000000001196cc0_0 .net *"_s6", 0 0, L_000000000116ef40;  1 drivers
v0000000001195d20_0 .net *"_s9", 1 0, L_00000000011f8f20;  1 drivers
v0000000001195aa0_0 .net "clk", 0 0, v00000000011f91a0_0;  alias, 1 drivers
v0000000001196d60_0 .net "empty", 0 0, L_00000000011fa000;  alias, 1 drivers
v0000000001196040_0 .net "full", 0 0, L_000000000116ed80;  alias, 1 drivers
v0000000001195460 .array "mem", 3 0, 7 0;
v0000000001195640_0 .var "rd_data", 7 0;
v00000000011956e0_0 .net "rd_en", 0 0, v0000000001196400_0;  alias, 1 drivers
v000000000118a100_0 .var "rd_ptr", 2 0;
v000000000118a1a0_0 .net "rst", 0 0, v00000000011f88e0_0;  alias, 1 drivers
v000000000118a600_0 .net "wr_data", 7 0, v00000000011f5f80_0;  alias, 1 drivers
v0000000001189d40_0 .net "wr_en", 0 0, v00000000011f68e0_0;  alias, 1 drivers
v0000000001189b60_0 .var "wr_ptr", 2 0;
L_00000000011fa000 .cmp/eq 3, v0000000001189b60_0, v000000000118a100_0;
L_00000000011f9240 .part v0000000001189b60_0, 2, 1;
L_00000000011fa0a0 .part v000000000118a100_0, 2, 1;
L_00000000011f8f20 .part v0000000001189b60_0, 0, 2;
L_00000000011fa140 .part v000000000118a100_0, 0, 2;
L_00000000011f83e0 .cmp/eq 2, L_00000000011f8f20, L_00000000011fa140;
S_0000000001168b90 .scope module, "u_fifo1" "channel_fifo" 3 32, 5 10 0, S_000000000116cbe0;
 .timescale 0 0;
    .port_info 0 /INPUT 1 "clk";
    .port_info 1 /INPUT 1 "rst";
    .port_info 2 /INPUT 1 "wr_en";
    .port_info 3 /INPUT 8 "wr_data";
    .port_info 4 /OUTPUT 1 "full";
    .port_info 5 /INPUT 1 "rd_en";
    .port_info 6 /OUTPUT 8 "rd_data";
    .port_info 7 /OUTPUT 1 "empty";
P_0000000001194040 .param/l "AW" 0 5 11, +C4<00000000000000000000000000000010>;
L_000000000116e060 .functor XOR 1, L_00000000012024f0, L_00000000012033f0, C4<0>, C4<0>;
L_000000000116e370 .functor AND 1, L_000000000116e060, L_0000000001202770, C4<1>, C4<1>;
v000000000118a240_0 .net *"_s11", 1 0, L_00000000012029f0;  1 drivers
v000000000118a380_0 .net *"_s12", 0 0, L_0000000001202770;  1 drivers
v000000000118a6a0_0 .net *"_s3", 0 0, L_00000000012024f0;  1 drivers
v0000000001189ac0_0 .net *"_s5", 0 0, L_00000000012033f0;  1 drivers
v0000000001189c00_0 .net *"_s6", 0 0, L_000000000116e060;  1 drivers
v0000000001189ca0_0 .net *"_s9", 1 0, L_0000000001202590;  1 drivers
v0000000001189e80_0 .net "clk", 0 0, v00000000011f91a0_0;  alias, 1 drivers
v0000000001189fc0_0 .net "empty", 0 0, L_00000000011f8700;  alias, 1 drivers
v00000000011f72e0_0 .net "full", 0 0, L_000000000116e370;  alias, 1 drivers
v00000000011f6a20 .array "mem", 3 0, 7 0;
v00000000011f6700_0 .var "rd_data", 7 0;
v00000000011f62a0_0 .net "rd_en", 0 0, v00000000011969a0_0;  alias, 1 drivers
v00000000011f79c0_0 .var "rd_ptr", 2 0;
v00000000011f6ca0_0 .net "rst", 0 0, v00000000011f88e0_0;  alias, 1 drivers
v00000000011f6d40_0 .net "wr_data", 7 0, v00000000011f7060_0;  alias, 1 drivers
v00000000011f6de0_0 .net "wr_en", 0 0, v00000000011f7600_0;  alias, 1 drivers
v00000000011f67a0_0 .var "wr_ptr", 2 0;
L_00000000011f8700 .cmp/eq 3, v00000000011f67a0_0, v00000000011f79c0_0;
L_00000000012024f0 .part v00000000011f67a0_0, 2, 1;
L_00000000012033f0 .part v00000000011f79c0_0, 2, 1;
L_0000000001202590 .part v00000000011f67a0_0, 0, 2;
L_00000000012029f0 .part v00000000011f79c0_0, 0, 2;
L_0000000001202770 .cmp/eq 2, L_0000000001202590, L_00000000012029f0;
S_0000000001168d20 .scope module, "u_fifo2" "channel_fifo" 3 34, 5 10 0, S_000000000116cbe0;
 .timescale 0 0;
    .port_info 0 /INPUT 1 "clk";
    .port_info 1 /INPUT 1 "rst";
    .port_info 2 /INPUT 1 "wr_en";
    .port_info 3 /INPUT 8 "wr_data";
    .port_info 4 /OUTPUT 1 "full";
    .port_info 5 /INPUT 1 "rd_en";
    .port_info 6 /OUTPUT 8 "rd_data";
    .port_info 7 /OUTPUT 1 "empty";
P_0000000001194080 .param/l "AW" 0 5 11, +C4<00000000000000000000000000000010>;
L_000000000116e920 .functor XOR 1, L_00000000012032b0, L_0000000001202bd0, C4<0>, C4<0>;
L_000000000116e3e0 .functor AND 1, L_000000000116e920, L_0000000001202d10, C4<1>, C4<1>;
v00000000011f5ee0_0 .net *"_s11", 1 0, L_0000000001204250;  1 drivers
v00000000011f5bc0_0 .net *"_s12", 0 0, L_0000000001202d10;  1 drivers
v00000000011f6160_0 .net *"_s3", 0 0, L_00000000012032b0;  1 drivers
v00000000011f6ac0_0 .net *"_s5", 0 0, L_0000000001202bd0;  1 drivers
v00000000011f5da0_0 .net *"_s6", 0 0, L_000000000116e920;  1 drivers
v00000000011f65c0_0 .net *"_s9", 1 0, L_0000000001202c70;  1 drivers
v00000000011f6200_0 .net "clk", 0 0, v00000000011f91a0_0;  alias, 1 drivers
v00000000011f6e80_0 .net "empty", 0 0, L_0000000001202e50;  alias, 1 drivers
v00000000011f6340_0 .net "full", 0 0, L_000000000116e3e0;  alias, 1 drivers
v00000000011f6c00 .array "mem", 3 0, 7 0;
v00000000011f6980_0 .var "rd_data", 7 0;
v00000000011f63e0_0 .net "rd_en", 0 0, v0000000001195c80_0;  alias, 1 drivers
v00000000011f6480_0 .var "rd_ptr", 2 0;
v00000000011f6b60_0 .net "rst", 0 0, v00000000011f88e0_0;  alias, 1 drivers
v00000000011f7380_0 .net "wr_data", 7 0, v00000000011f7240_0;  alias, 1 drivers
v00000000011f6520_0 .net "wr_en", 0 0, v00000000011f7740_0;  alias, 1 drivers
v00000000011f7100_0 .var "wr_ptr", 2 0;
L_0000000001202e50 .cmp/eq 3, v00000000011f7100_0, v00000000011f6480_0;
L_00000000012032b0 .part v00000000011f7100_0, 2, 1;
L_0000000001202bd0 .part v00000000011f6480_0, 2, 1;
L_0000000001202c70 .part v00000000011f7100_0, 0, 2;
L_0000000001204250 .part v00000000011f6480_0, 0, 2;
L_0000000001202d10 .cmp/eq 2, L_0000000001202c70, L_0000000001204250;
S_00000000009bde70 .scope module, "u_gen0" "data_gen" 3 20, 6 9 0, S_000000000116cbe0;
 .timescale 0 0;
    .port_info 0 /INPUT 1 "clk";
    .port_info 1 /INPUT 1 "rst";
    .port_info 2 /OUTPUT 8 "data";
    .port_info 3 /OUTPUT 1 "valid";
P_00000000011940c0 .param/l "SEED" 0 6 10, C4<10100101>;
v00000000011f6f20_0 .net "clk", 0 0, v00000000011f91a0_0;  alias, 1 drivers
v00000000011f5f80_0 .var "data", 7 0;
v00000000011f6fc0_0 .var "delay_cnt", 15 0;
v00000000011f74c0_0 .var "delay_target", 15 0;
v00000000011f6020_0 .var "lfsr", 7 0;
v00000000011f5c60_0 .net "rst", 0 0, v00000000011f88e0_0;  alias, 1 drivers
v00000000011f68e0_0 .var "valid", 0 0;
S_00000000009be000 .scope module, "u_gen1" "data_gen" 3 21, 6 9 0, S_000000000116cbe0;
 .timescale 0 0;
    .port_info 0 /INPUT 1 "clk";
    .port_info 1 /INPUT 1 "rst";
    .port_info 2 /OUTPUT 8 "data";
    .port_info 3 /OUTPUT 1 "valid";
P_0000000001194580 .param/l "SEED" 0 6 10, C4<01011100>;
v00000000011f6660_0 .net "clk", 0 0, v00000000011f91a0_0;  alias, 1 drivers
v00000000011f7060_0 .var "data", 7 0;
v00000000011f71a0_0 .var "delay_cnt", 15 0;
v00000000011f5b20_0 .var "delay_target", 15 0;
v00000000011f6840_0 .var "lfsr", 7 0;
v00000000011f7560_0 .net "rst", 0 0, v00000000011f88e0_0;  alias, 1 drivers
v00000000011f7600_0 .var "valid", 0 0;
S_0000000001156850 .scope module, "u_gen2" "data_gen" 3 22, 6 9 0, S_000000000116cbe0;
 .timescale 0 0;
    .port_info 0 /INPUT 1 "clk";
    .port_info 1 /INPUT 1 "rst";
    .port_info 2 /OUTPUT 8 "data";
    .port_info 3 /OUTPUT 1 "valid";
P_0000000001194240 .param/l "SEED" 0 6 10, C4<00111110>;
v00000000011f5e40_0 .net "clk", 0 0, v00000000011f91a0_0;  alias, 1 drivers
v00000000011f7240_0 .var "data", 7 0;
v00000000011f60c0_0 .var "delay_cnt", 15 0;
v00000000011f7420_0 .var "delay_target", 15 0;
v00000000011f76a0_0 .var "lfsr", 7 0;
v00000000011f5d00_0 .net "rst", 0 0, v00000000011f88e0_0;  alias, 1 drivers
v00000000011f7740_0 .var "valid", 0 0;
S_00000000011569e0 .scope module, "u_proc" "processor" 3 54, 7 9 0, S_000000000116cbe0;
 .timescale 0 0;
    .port_info 0 /INPUT 1 "clk";
    .port_info 1 /INPUT 1 "rst";
    .port_info 2 /INPUT 1 "in_valid";
    .port_info 3 /INPUT 2 "in_channel";
    .port_info 4 /INPUT 8 "in_data";
    .port_info 5 /OUTPUT 1 "out_valid";
    .port_info 6 /OUTPUT 10 "out_packet";
v00000000011f77e0_0 .net "clk", 0 0, v00000000011f91a0_0;  alias, 1 drivers
v00000000011f7880_0 .net "in_channel", 1 0, v0000000001195a00_0;  alias, 1 drivers
v00000000011f7920_0 .net "in_data", 7 0, v00000000011950a0_0;  alias, 1 drivers
v00000000011f8c00_0 .net "in_valid", 0 0, v0000000001196180_0;  alias, 1 drivers
v00000000011f8de0_0 .var "out_packet", 9 0;
v00000000011fa1e0_0 .var "out_valid", 0 0;
v00000000011f9100_0 .net "rst", 0 0, v00000000011f88e0_0;  alias, 1 drivers
S_0000000001202310 .scope module, "u_uart" "uart_tx" 3 70, 8 13 0, S_000000000116cbe0;
 .timescale 0 0;
    .port_info 0 /INPUT 1 "clk";
    .port_info 1 /INPUT 1 "rst";
    .port_info 2 /INPUT 1 "tx_start";
    .port_info 3 /INPUT 8 "tx_data";
    .port_info 4 /OUTPUT 1 "tx_line";
    .port_info 5 /OUTPUT 1 "busy";
P_0000000001198830 .param/l "CLKS_PER_BIT" 0 8 14, +C4<00000000000000000000000110110010>;
P_0000000001198868 .param/l "S_DATA" 1 8 28, C4<10>;
P_00000000011988a0 .param/l "S_IDLE" 1 8 26, C4<00>;
P_00000000011988d8 .param/l "S_START" 1 8 27, C4<01>;
P_0000000001198910 .param/l "S_STOP" 1 8 29, C4<11>;
v00000000011f8fc0_0 .var "bit_idx", 2 0;
v00000000011f9f60_0 .var "busy", 0 0;
v00000000011f9920_0 .net "clk", 0 0, v00000000011f91a0_0;  alias, 1 drivers
v00000000011f99c0_0 .var "clk_cnt", 15 0;
v00000000011f8ca0_0 .var "data_reg", 7 0;
v00000000011f9a60_0 .net "rst", 0 0, v00000000011f88e0_0;  alias, 1 drivers
v00000000011f92e0_0 .var "state", 1 0;
v00000000011f8a20_0 .net "tx_data", 7 0, L_00000000012038f0;  1 drivers
v00000000011f9740_0 .var "tx_line", 0 0;
v00000000011f8520_0 .net "tx_start", 0 0, v00000000011fa1e0_0;  alias, 1 drivers
    .scope S_00000000009bde70;
T_1 ;
    %wait E_0000000001194180;
    %load/vec4 v00000000011f5c60_0;
    %flag_set/vec4 8;
    %jmp/0xz  T_1.0, 8;
    %pushi/vec4 165, 0, 8;
    %assign/vec4 v00000000011f6020_0, 0;
    %pushi/vec4 0, 0, 16;
    %assign/vec4 v00000000011f6fc0_0, 0;
    %pushi/vec4 215, 0, 16;
    %assign/vec4 v00000000011f74c0_0, 0;
    %pushi/vec4 0, 0, 1;
    %assign/vec4 v00000000011f68e0_0, 0;
    %pushi/vec4 0, 0, 8;
    %assign/vec4 v00000000011f5f80_0, 0;
    %jmp T_1.1;
T_1.0 ;
    %pushi/vec4 0, 0, 1;
    %assign/vec4 v00000000011f68e0_0, 0;
    %load/vec4 v00000000011f74c0_0;
    %load/vec4 v00000000011f6fc0_0;
    %cmp/u;
    %flag_or 5, 4;
    %jmp/0xz  T_1.2, 5;
    %load/vec4 v00000000011f6020_0;
    %assign/vec4 v00000000011f5f80_0, 0;
    %pushi/vec4 1, 0, 1;
    %assign/vec4 v00000000011f68e0_0, 0;
    %pushi/vec4 0, 0, 16;
    %assign/vec4 v00000000011f6fc0_0, 0;
    %pushi/vec4 0, 0, 8;
    %load/vec4 v00000000011f6020_0;
    %concat/vec4; draw_concat_vec4
    %addi 20, 0, 16;
    %assign/vec4 v00000000011f74c0_0, 0;
    %load/vec4 v00000000011f6020_0;
    %parti/s 7, 0, 2;
    %load/vec4 v00000000011f6020_0;
    %parti/s 1, 7, 4;
    %load/vec4 v00000000011f6020_0;
    %parti/s 1, 5, 4;
    %xor;
    %load/vec4 v00000000011f6020_0;
    %parti/s 1, 4, 4;
    %xor;
    %load/vec4 v00000000011f6020_0;
    %parti/s 1, 3, 3;
    %xor;
    %concat/vec4; draw_concat_vec4
    %assign/vec4 v00000000011f6020_0, 0;
    %jmp T_1.3;
T_1.2 ;
    %load/vec4 v00000000011f6fc0_0;
    %addi 1, 0, 16;
    %assign/vec4 v00000000011f6fc0_0, 0;
T_1.3 ;
T_1.1 ;
    %jmp T_1;
    .thread T_1;
    .scope S_00000000009be000;
T_2 ;
    %wait E_0000000001194180;
    %load/vec4 v00000000011f7560_0;
    %flag_set/vec4 8;
    %jmp/0xz  T_2.0, 8;
    %pushi/vec4 92, 0, 8;
    %assign/vec4 v00000000011f6840_0, 0;
    %pushi/vec4 0, 0, 16;
    %assign/vec4 v00000000011f71a0_0, 0;
    %pushi/vec4 142, 0, 16;
    %assign/vec4 v00000000011f5b20_0, 0;
    %pushi/vec4 0, 0, 1;
    %assign/vec4 v00000000011f7600_0, 0;
    %pushi/vec4 0, 0, 8;
    %assign/vec4 v00000000011f7060_0, 0;
    %jmp T_2.1;
T_2.0 ;
    %pushi/vec4 0, 0, 1;
    %assign/vec4 v00000000011f7600_0, 0;
    %load/vec4 v00000000011f5b20_0;
    %load/vec4 v00000000011f71a0_0;
    %cmp/u;
    %flag_or 5, 4;
    %jmp/0xz  T_2.2, 5;
    %load/vec4 v00000000011f6840_0;
    %assign/vec4 v00000000011f7060_0, 0;
    %pushi/vec4 1, 0, 1;
    %assign/vec4 v00000000011f7600_0, 0;
    %pushi/vec4 0, 0, 16;
    %assign/vec4 v00000000011f71a0_0, 0;
    %pushi/vec4 0, 0, 8;
    %load/vec4 v00000000011f6840_0;
    %concat/vec4; draw_concat_vec4
    %addi 20, 0, 16;
    %assign/vec4 v00000000011f5b20_0, 0;
    %load/vec4 v00000000011f6840_0;
    %parti/s 7, 0, 2;
    %load/vec4 v00000000011f6840_0;
    %parti/s 1, 7, 4;
    %load/vec4 v00000000011f6840_0;
    %parti/s 1, 5, 4;
    %xor;
    %load/vec4 v00000000011f6840_0;
    %parti/s 1, 4, 4;
    %xor;
    %load/vec4 v00000000011f6840_0;
    %parti/s 1, 3, 3;
    %xor;
    %concat/vec4; draw_concat_vec4
    %assign/vec4 v00000000011f6840_0, 0;
    %jmp T_2.3;
T_2.2 ;
    %load/vec4 v00000000011f71a0_0;
    %addi 1, 0, 16;
    %assign/vec4 v00000000011f71a0_0, 0;
T_2.3 ;
T_2.1 ;
    %jmp T_2;
    .thread T_2;
    .scope S_0000000001156850;
T_3 ;
    %wait E_0000000001194180;
    %load/vec4 v00000000011f5d00_0;
    %flag_set/vec4 8;
    %jmp/0xz  T_3.0, 8;
    %pushi/vec4 62, 0, 8;
    %assign/vec4 v00000000011f76a0_0, 0;
    %pushi/vec4 0, 0, 16;
    %assign/vec4 v00000000011f60c0_0, 0;
    %pushi/vec4 112, 0, 16;
    %assign/vec4 v00000000011f7420_0, 0;
    %pushi/vec4 0, 0, 1;
    %assign/vec4 v00000000011f7740_0, 0;
    %pushi/vec4 0, 0, 8;
    %assign/vec4 v00000000011f7240_0, 0;
    %jmp T_3.1;
T_3.0 ;
    %pushi/vec4 0, 0, 1;
    %assign/vec4 v00000000011f7740_0, 0;
    %load/vec4 v00000000011f7420_0;
    %load/vec4 v00000000011f60c0_0;
    %cmp/u;
    %flag_or 5, 4;
    %jmp/0xz  T_3.2, 5;
    %load/vec4 v00000000011f76a0_0;
    %assign/vec4 v00000000011f7240_0, 0;
    %pushi/vec4 1, 0, 1;
    %assign/vec4 v00000000011f7740_0, 0;
    %pushi/vec4 0, 0, 16;
    %assign/vec4 v00000000011f60c0_0, 0;
    %pushi/vec4 0, 0, 8;
    %load/vec4 v00000000011f76a0_0;
    %concat/vec4; draw_concat_vec4
    %addi 20, 0, 16;
    %assign/vec4 v00000000011f7420_0, 0;
    %load/vec4 v00000000011f76a0_0;
    %parti/s 7, 0, 2;
    %load/vec4 v00000000011f76a0_0;
    %parti/s 1, 7, 4;
    %load/vec4 v00000000011f76a0_0;
    %parti/s 1, 5, 4;
    %xor;
    %load/vec4 v00000000011f76a0_0;
    %parti/s 1, 4, 4;
    %xor;
    %load/vec4 v00000000011f76a0_0;
    %parti/s 1, 3, 3;
    %xor;
    %concat/vec4; draw_concat_vec4
    %assign/vec4 v00000000011f76a0_0, 0;
    %jmp T_3.3;
T_3.2 ;
    %load/vec4 v00000000011f60c0_0;
    %addi 1, 0, 16;
    %assign/vec4 v00000000011f60c0_0, 0;
T_3.3 ;
T_3.1 ;
    %jmp T_3;
    .thread T_3;
    .scope S_000000000117a640;
T_4 ;
    %wait E_0000000001194180;
    %load/vec4 v000000000118a1a0_0;
    %flag_set/vec4 8;
    %jmp/0xz  T_4.0, 8;
    %pushi/vec4 0, 0, 3;
    %assign/vec4 v0000000001189b60_0, 0;
    %jmp T_4.1;
T_4.0 ;
    %load/vec4 v0000000001189d40_0;
    %load/vec4 v0000000001196040_0;
    %nor/r;
    %and;
    %flag_set/vec4 8;
    %jmp/0xz  T_4.2, 8;
    %load/vec4 v000000000118a600_0;
    %load/vec4 v0000000001189b60_0;
    %parti/s 2, 0, 2;
    %pad/u 4;
    %ix/vec4 3;
    %ix/load 4, 0, 0; Constant delay
    %assign/vec4/a/d v0000000001195460, 0, 4;
    %load/vec4 v0000000001189b60_0;
    %addi 1, 0, 3;
    %assign/vec4 v0000000001189b60_0, 0;
T_4.2 ;
T_4.1 ;
    %jmp T_4;
    .thread T_4;
    .scope S_000000000117a640;
T_5 ;
    %wait E_0000000001194180;
    %load/vec4 v000000000118a1a0_0;
    %flag_set/vec4 8;
    %jmp/0xz  T_5.0, 8;
    %pushi/vec4 0, 0, 3;
    %assign/vec4 v000000000118a100_0, 0;
    %pushi/vec4 0, 0, 8;
    %assign/vec4 v0000000001195640_0, 0;
    %jmp T_5.1;
T_5.0 ;
    %load/vec4 v00000000011956e0_0;
    %load/vec4 v0000000001196d60_0;
    %nor/r;
    %and;
    %flag_set/vec4 8;
    %jmp/0xz  T_5.2, 8;
    %load/vec4 v000000000118a100_0;
    %parti/s 2, 0, 2;
    %pad/u 4;
    %ix/vec4 4;
    %load/vec4a v0000000001195460, 4;
    %assign/vec4 v0000000001195640_0, 0;
    %load/vec4 v000000000118a100_0;
    %addi 1, 0, 3;
    %assign/vec4 v000000000118a100_0, 0;
T_5.2 ;
T_5.1 ;
    %jmp T_5;
    .thread T_5;
    .scope S_0000000001168b90;
T_6 ;
    %wait E_0000000001194180;
    %load/vec4 v00000000011f6ca0_0;
    %flag_set/vec4 8;
    %jmp/0xz  T_6.0, 8;
    %pushi/vec4 0, 0, 3;
    %assign/vec4 v00000000011f67a0_0, 0;
    %jmp T_6.1;
T_6.0 ;
    %load/vec4 v00000000011f6de0_0;
    %load/vec4 v00000000011f72e0_0;
    %nor/r;
    %and;
    %flag_set/vec4 8;
    %jmp/0xz  T_6.2, 8;
    %load/vec4 v00000000011f6d40_0;
    %load/vec4 v00000000011f67a0_0;
    %parti/s 2, 0, 2;
    %pad/u 4;
    %ix/vec4 3;
    %ix/load 4, 0, 0; Constant delay
    %assign/vec4/a/d v00000000011f6a20, 0, 4;
    %load/vec4 v00000000011f67a0_0;
    %addi 1, 0, 3;
    %assign/vec4 v00000000011f67a0_0, 0;
T_6.2 ;
T_6.1 ;
    %jmp T_6;
    .thread T_6;
    .scope S_0000000001168b90;
T_7 ;
    %wait E_0000000001194180;
    %load/vec4 v00000000011f6ca0_0;
    %flag_set/vec4 8;
    %jmp/0xz  T_7.0, 8;
    %pushi/vec4 0, 0, 3;
    %assign/vec4 v00000000011f79c0_0, 0;
    %pushi/vec4 0, 0, 8;
    %assign/vec4 v00000000011f6700_0, 0;
    %jmp T_7.1;
T_7.0 ;
    %load/vec4 v00000000011f62a0_0;
    %load/vec4 v0000000001189fc0_0;
    %nor/r;
    %and;
    %flag_set/vec4 8;
    %jmp/0xz  T_7.2, 8;
    %load/vec4 v00000000011f79c0_0;
    %parti/s 2, 0, 2;
    %pad/u 4;
    %ix/vec4 4;
    %load/vec4a v00000000011f6a20, 4;
    %assign/vec4 v00000000011f6700_0, 0;
    %load/vec4 v00000000011f79c0_0;
    %addi 1, 0, 3;
    %assign/vec4 v00000000011f79c0_0, 0;
T_7.2 ;
T_7.1 ;
    %jmp T_7;
    .thread T_7;
    .scope S_0000000001168d20;
T_8 ;
    %wait E_0000000001194180;
    %load/vec4 v00000000011f6b60_0;
    %flag_set/vec4 8;
    %jmp/0xz  T_8.0, 8;
    %pushi/vec4 0, 0, 3;
    %assign/vec4 v00000000011f7100_0, 0;
    %jmp T_8.1;
T_8.0 ;
    %load/vec4 v00000000011f6520_0;
    %load/vec4 v00000000011f6340_0;
    %nor/r;
    %and;
    %flag_set/vec4 8;
    %jmp/0xz  T_8.2, 8;
    %load/vec4 v00000000011f7380_0;
    %load/vec4 v00000000011f7100_0;
    %parti/s 2, 0, 2;
    %pad/u 4;
    %ix/vec4 3;
    %ix/load 4, 0, 0; Constant delay
    %assign/vec4/a/d v00000000011f6c00, 0, 4;
    %load/vec4 v00000000011f7100_0;
    %addi 1, 0, 3;
    %assign/vec4 v00000000011f7100_0, 0;
T_8.2 ;
T_8.1 ;
    %jmp T_8;
    .thread T_8;
    .scope S_0000000001168d20;
T_9 ;
    %wait E_0000000001194180;
    %load/vec4 v00000000011f6b60_0;
    %flag_set/vec4 8;
    %jmp/0xz  T_9.0, 8;
    %pushi/vec4 0, 0, 3;
    %assign/vec4 v00000000011f6480_0, 0;
    %pushi/vec4 0, 0, 8;
    %assign/vec4 v00000000011f6980_0, 0;
    %jmp T_9.1;
T_9.0 ;
    %load/vec4 v00000000011f63e0_0;
    %load/vec4 v00000000011f6e80_0;
    %nor/r;
    %and;
    %flag_set/vec4 8;
    %jmp/0xz  T_9.2, 8;
    %load/vec4 v00000000011f6480_0;
    %parti/s 2, 0, 2;
    %pad/u 4;
    %ix/vec4 4;
    %load/vec4a v00000000011f6c00, 4;
    %assign/vec4 v00000000011f6980_0, 0;
    %load/vec4 v00000000011f6480_0;
    %addi 1, 0, 3;
    %assign/vec4 v00000000011f6480_0, 0;
T_9.2 ;
T_9.1 ;
    %jmp T_9;
    .thread T_9;
    .scope S_000000000116cd70;
T_10 ;
    %wait E_0000000001194180;
    %load/vec4 v0000000001195820_0;
    %flag_set/vec4 8;
    %jmp/0xz  T_10.0, 8;
    %pushi/vec4 0, 0, 1;
    %assign/vec4 v00000000011958c0_0, 0;
    %pushi/vec4 0, 0, 2;
    %assign/vec4 v0000000001196900_0, 0;
    %pushi/vec4 0, 0, 1;
    %assign/vec4 v0000000001196400_0, 0;
    %pushi/vec4 0, 0, 1;
    %assign/vec4 v00000000011969a0_0, 0;
    %pushi/vec4 0, 0, 1;
    %assign/vec4 v0000000001195c80_0, 0;
    %pushi/vec4 0, 0, 1;
    %assign/vec4 v0000000001196180_0, 0;
    %pushi/vec4 0, 0, 2;
    %assign/vec4 v0000000001195a00_0, 0;
    %pushi/vec4 0, 0, 8;
    %assign/vec4 v00000000011950a0_0, 0;
    %jmp T_10.1;
T_10.0 ;
    %pushi/vec4 0, 0, 1;
    %assign/vec4 v0000000001196400_0, 0;
    %pushi/vec4 0, 0, 1;
    %assign/vec4 v00000000011969a0_0, 0;
    %pushi/vec4 0, 0, 1;
    %assign/vec4 v0000000001195c80_0, 0;
    %pushi/vec4 0, 0, 1;
    %assign/vec4 v0000000001196180_0, 0;
    %load/vec4 v00000000011958c0_0;
    %dup/vec4;
    %pushi/vec4 0, 0, 1;
    %cmp/u;
    %jmp/1 T_10.2, 6;
    %dup/vec4;
    %pushi/vec4 1, 0, 1;
    %cmp/u;
    %jmp/1 T_10.3, 6;
    %pushi/vec4 0, 0, 1;
    %assign/vec4 v00000000011958c0_0, 0;
    %jmp T_10.5;
T_10.2 ;
    %load/vec4 v0000000001196860_0;
    %nor/r;
    %flag_set/vec4 8;
    %jmp/0xz  T_10.6, 8;
    %load/vec4 v0000000001196900_0;
    %cmpi/e 0, 0, 2;
    %jmp/0xz  T_10.8, 4;
    %pushi/vec4 1, 0, 1;
    %assign/vec4 v0000000001196400_0, 0;
    %jmp T_10.9;
T_10.8 ;
    %load/vec4 v0000000001196900_0;
    %cmpi/e 1, 0, 2;
    %jmp/0xz  T_10.10, 4;
    %pushi/vec4 1, 0, 1;
    %assign/vec4 v00000000011969a0_0, 0;
    %jmp T_10.11;
T_10.10 ;
    %pushi/vec4 1, 0, 1;
    %assign/vec4 v0000000001195c80_0, 0;
T_10.11 ;
T_10.9 ;
    %load/vec4 v0000000001196900_0;
    %assign/vec4 v0000000001195a00_0, 0;
    %pushi/vec4 1, 0, 1;
    %assign/vec4 v00000000011958c0_0, 0;
    %jmp T_10.7;
T_10.6 ;
    %load/vec4 v0000000001196900_0;
    %store/vec4 v00000000011962c0_0, 0, 2;
    %callf/vec4 TD_tb_top.uut.u_arb.next_ptr, S_000000000117a4b0;
    %assign/vec4 v0000000001196900_0, 0;
T_10.7 ;
    %jmp T_10.5;
T_10.3 ;
    %load/vec4 v0000000001195a00_0;
    %cmpi/e 0, 0, 2;
    %flag_mov 8, 4;
    %jmp/0 T_10.12, 8;
    %load/vec4 v00000000011951e0_0;
    %jmp/1 T_10.13, 8;
T_10.12 ; End of true expr.
    %load/vec4 v0000000001195a00_0;
    %cmpi/e 1, 0, 2;
    %flag_mov 9, 4;
    %jmp/0 T_10.14, 9;
    %load/vec4 v0000000001195e60_0;
    %jmp/1 T_10.15, 9;
T_10.14 ; End of true expr.
    %load/vec4 v0000000001195fa0_0;
    %jmp/0 T_10.15, 9;
 ; End of false expr.
    %blend;
T_10.15;
    %jmp/0 T_10.13, 8;
 ; End of false expr.
    %blend;
T_10.13;
    %assign/vec4 v00000000011950a0_0, 0;
    %pushi/vec4 1, 0, 1;
    %assign/vec4 v0000000001196180_0, 0;
    %load/vec4 v0000000001195a00_0;
    %store/vec4 v00000000011962c0_0, 0, 2;
    %callf/vec4 TD_tb_top.uut.u_arb.next_ptr, S_000000000117a4b0;
    %assign/vec4 v0000000001196900_0, 0;
    %pushi/vec4 0, 0, 1;
    %assign/vec4 v00000000011958c0_0, 0;
    %jmp T_10.5;
T_10.5 ;
    %pop/vec4 1;
T_10.1 ;
    %jmp T_10;
    .thread T_10;
    .scope S_00000000011569e0;
T_11 ;
    %wait E_0000000001194180;
    %load/vec4 v00000000011f9100_0;
    %flag_set/vec4 8;
    %jmp/0xz  T_11.0, 8;
    %pushi/vec4 0, 0, 1;
    %assign/vec4 v00000000011fa1e0_0, 0;
    %pushi/vec4 0, 0, 10;
    %assign/vec4 v00000000011f8de0_0, 0;
    %jmp T_11.1;
T_11.0 ;
    %load/vec4 v00000000011f8c00_0;
    %assign/vec4 v00000000011fa1e0_0, 0;
    %load/vec4 v00000000011f8c00_0;
    %flag_set/vec4 8;
    %jmp/0xz  T_11.2, 8;
    %load/vec4 v00000000011f7880_0;
    %load/vec4 v00000000011f7920_0;
    %concat/vec4; draw_concat_vec4
    %assign/vec4 v00000000011f8de0_0, 0;
T_11.2 ;
T_11.1 ;
    %jmp T_11;
    .thread T_11;
    .scope S_0000000001202310;
T_12 ;
    %wait E_0000000001194180;
    %load/vec4 v00000000011f9a60_0;
    %flag_set/vec4 8;
    %jmp/0xz  T_12.0, 8;
    %pushi/vec4 0, 0, 2;
    %assign/vec4 v00000000011f92e0_0, 0;
    %pushi/vec4 1, 0, 1;
    %assign/vec4 v00000000011f9740_0, 0;
    %pushi/vec4 0, 0, 1;
    %assign/vec4 v00000000011f9f60_0, 0;
    %pushi/vec4 0, 0, 16;
    %assign/vec4 v00000000011f99c0_0, 0;
    %pushi/vec4 0, 0, 3;
    %assign/vec4 v00000000011f8fc0_0, 0;
    %pushi/vec4 0, 0, 8;
    %assign/vec4 v00000000011f8ca0_0, 0;
    %jmp T_12.1;
T_12.0 ;
    %load/vec4 v00000000011f92e0_0;
    %dup/vec4;
    %pushi/vec4 0, 0, 2;
    %cmp/u;
    %jmp/1 T_12.2, 6;
    %dup/vec4;
    %pushi/vec4 1, 0, 2;
    %cmp/u;
    %jmp/1 T_12.3, 6;
    %dup/vec4;
    %pushi/vec4 2, 0, 2;
    %cmp/u;
    %jmp/1 T_12.4, 6;
    %dup/vec4;
    %pushi/vec4 3, 0, 2;
    %cmp/u;
    %jmp/1 T_12.5, 6;
    %pushi/vec4 0, 0, 2;
    %assign/vec4 v00000000011f92e0_0, 0;
    %jmp T_12.7;
T_12.2 ;
    %pushi/vec4 1, 0, 1;
    %assign/vec4 v00000000011f9740_0, 0;
    %pushi/vec4 0, 0, 1;
    %assign/vec4 v00000000011f9f60_0, 0;
    %load/vec4 v00000000011f8520_0;
    %load/vec4 v00000000011f9f60_0;
    %nor/r;
    %and;
    %flag_set/vec4 8;
    %jmp/0xz  T_12.8, 8;
    %load/vec4 v00000000011f8a20_0;
    %assign/vec4 v00000000011f8ca0_0, 0;
    %pushi/vec4 1, 0, 1;
    %assign/vec4 v00000000011f9f60_0, 0;
    %pushi/vec4 0, 0, 16;
    %assign/vec4 v00000000011f99c0_0, 0;
    %pushi/vec4 1, 0, 2;
    %assign/vec4 v00000000011f92e0_0, 0;
T_12.8 ;
    %jmp T_12.7;
T_12.3 ;
    %pushi/vec4 0, 0, 1;
    %assign/vec4 v00000000011f9740_0, 0;
    %load/vec4 v00000000011f99c0_0;
    %pad/u 32;
    %cmpi/u 433, 0, 32;
    %jmp/0xz  T_12.10, 5;
    %load/vec4 v00000000011f99c0_0;
    %addi 1, 0, 16;
    %assign/vec4 v00000000011f99c0_0, 0;
    %jmp T_12.11;
T_12.10 ;
    %pushi/vec4 0, 0, 16;
    %assign/vec4 v00000000011f99c0_0, 0;
    %pushi/vec4 0, 0, 3;
    %assign/vec4 v00000000011f8fc0_0, 0;
    %pushi/vec4 2, 0, 2;
    %assign/vec4 v00000000011f92e0_0, 0;
T_12.11 ;
    %jmp T_12.7;
T_12.4 ;
    %load/vec4 v00000000011f8ca0_0;
    %load/vec4 v00000000011f8fc0_0;
    %part/u 1;
    %assign/vec4 v00000000011f9740_0, 0;
    %load/vec4 v00000000011f99c0_0;
    %pad/u 32;
    %cmpi/u 433, 0, 32;
    %jmp/0xz  T_12.12, 5;
    %load/vec4 v00000000011f99c0_0;
    %addi 1, 0, 16;
    %assign/vec4 v00000000011f99c0_0, 0;
    %jmp T_12.13;
T_12.12 ;
    %pushi/vec4 0, 0, 16;
    %assign/vec4 v00000000011f99c0_0, 0;
    %load/vec4 v00000000011f8fc0_0;
    %cmpi/u 7, 0, 3;
    %jmp/0xz  T_12.14, 5;
    %load/vec4 v00000000011f8fc0_0;
    %addi 1, 0, 3;
    %assign/vec4 v00000000011f8fc0_0, 0;
    %jmp T_12.15;
T_12.14 ;
    %pushi/vec4 3, 0, 2;
    %assign/vec4 v00000000011f92e0_0, 0;
T_12.15 ;
T_12.13 ;
    %jmp T_12.7;
T_12.5 ;
    %pushi/vec4 1, 0, 1;
    %assign/vec4 v00000000011f9740_0, 0;
    %load/vec4 v00000000011f99c0_0;
    %pad/u 32;
    %cmpi/u 433, 0, 32;
    %jmp/0xz  T_12.16, 5;
    %load/vec4 v00000000011f99c0_0;
    %addi 1, 0, 16;
    %assign/vec4 v00000000011f99c0_0, 0;
    %jmp T_12.17;
T_12.16 ;
    %pushi/vec4 0, 0, 16;
    %assign/vec4 v00000000011f99c0_0, 0;
    %pushi/vec4 0, 0, 1;
    %assign/vec4 v00000000011f9f60_0, 0;
    %pushi/vec4 0, 0, 2;
    %assign/vec4 v00000000011f92e0_0, 0;
T_12.17 ;
    %jmp T_12.7;
T_12.7 ;
    %pop/vec4 1;
T_12.1 ;
    %jmp T_12;
    .thread T_12;
    .scope S_00000000011a1e70;
T_13 ;
    %delay 10000, 0;
    %load/vec4 v00000000011f91a0_0;
    %inv;
    %store/vec4 v00000000011f91a0_0, 0, 1;
    %jmp T_13;
    .thread T_13;
    .scope S_00000000011a1e70;
T_14 ;
    %pushi/vec4 0, 0, 1;
    %store/vec4 v00000000011f91a0_0, 0, 1;
    %pushi/vec4 1, 0, 1;
    %store/vec4 v00000000011f88e0_0, 0, 1;
    %delay 100000, 0;
    %pushi/vec4 0, 0, 1;
    %store/vec4 v00000000011f88e0_0, 0, 1;
    %end;
    .thread T_14;
    .scope S_00000000011a1e70;
T_15 ;
    %vpi_call 2 32 "$dumpfile", "waves.vcd" {0 0 0};
    %vpi_call 2 33 "$dumpvars", 32'sb00000000000000000000000000000000, S_00000000011a1e70 {0 0 0};
    %end;
    .thread T_15;
    .scope S_00000000011a1e70;
T_16 ;
    %vpi_call 2 38 "$display", "time_ns\011channel\011data\011(round-robin service log)" {0 0 0};
T_16.0 ;
    %wait E_0000000001194e80;
    %load/vec4 v00000000011f87a0_0;
    %flag_set/vec4 8;
    %jmp/0xz  T_16.1, 8;
    %vpi_call 2 42 "$display", "%0t\011%0d\011%0d", $time, v00000000011f8340_0, v00000000011f8480_0 {0 0 0};
T_16.1 ;
    %jmp T_16.0;
    %end;
    .thread T_16;
    .scope S_00000000011a1e70;
T_17 ;
    %delay 200000000, 0;
    %vpi_call 2 51 "$display", "Simulation complete." {0 0 0};
    %vpi_call 2 52 "$finish" {0 0 0};
    %end;
    .thread T_17;
# The file index is used to find the file name in the following table.
:file_names 9;
    "N/A";
    "<interactive>";
    "tb_top.v";
    "top.v";
    "rr_arbiter.v";
    "channel_fifo.v";
    "data_gen.v";
    "processor.v";
    "uart_tx.v";
